" :source run.vim
" @a

apple;:banana  :: cake
data;;exchange :; format

apple ;: banana   ::   cake
 data ;; exchange :; format

apple ;:   banana :: cake
data  ;; exchange :; format

apple ;:____banana::cake
data  ;;____exchange:;format

apple ;  : banana   :  : cake
data  ;  ; exchange :  ; format

ap  pl  e;  :b  an  an  a:  :c  ak e
da  ta  ;;  ex  ch  an  ge  :;  fo  rm  at

ap ple;:banana::cake
da ta;;exchange:;format

apple???;:~~~banana???::~~~  cake
data???;;~~~ exchange???:;~~~format

apple;: banana::cake
data;;  exchange:;format

apple<<<;:>>>banana::cake
data <<<;;>>>exchange:;format

apple ;: banana::cake
data  ;; exchange:;format

apple;:banana  :: cake
data;;exchange :; format

apple ;: banana   :: cake
data  ;; exchange :; format

apple ;: banana   :: cake
data  ;; exchange :; format

apple ;: banana   :: cake
data  ;; exchange :; format

apple ;: banana   :: cake
data  ;; exchange :; format

apple ;: banana::cake
data  ;; exchange:;format

apple ; :banana::cake
data  ;  ; exchange: ; format

apple ; :banana::cake
data  ; ;exchange:;format

apple ; :banana::cake
data  ; ;exchange:;format

apple;:banana::cake
data;;exchange:;format

apple;:         banana: : cake
data;;exchange: ;format

apple;:banana: :cake
data;;exchange:;format

apple;:banana: :cake
data;;exchange:;format

apple;:         banana: : cake
data;;exchange: ;format

apple;:banana:: cake
data;;exchange: ;format

apple;:         banana: : cake
data;;exchange: ;format

apple;:         banana::cake
data;;exchange: ;format

